[
  {
    "source": ".END",
    "labels": [],
    "instruction": [
      ".END"
    ],
    "comment": ""
  },
  {
    "source": "",
    "labels": [],
    "instruction": [],
    "comment": ""
  }
]