[
  {
    "source": "; `,` will be treated as the start of a new instruction, rather than an operand of `.ORIG`.",
    "labels": [],
    "instruction": [],
    "comment": " `,` will be treated as the start of a new instruction, rather than an operand of `.ORIG`."
  },
  {
    "source": ".ORIG   ,",
    "labels": [],
    "instruction": [
      ".ORIG"
    ],
    "comment": ""
  },
  {
    "source": "",
    "labels": [],
    "instruction": [],
    "comment": ""
  }
]