[
  {
    "source": ".ORIG   x3000",
    "labels": [],
    "instruction": [
      ".ORIG",
      "x3000"
    ],
    "comment": ""
  },
  {
    "source": "AND     R1, #1, #1",
    "labels": [],
    "instruction": [
      "AND",
      "R1",
      "#1",
      "#1"
    ],
    "comment": ""
  },
  {
    "source": "",
    "labels": [],
    "instruction": [],
    "comment": ""
  }
]