[
  {
    "source": ".ORIG   x3000",
    "labels": [],
    "instruction": [
      ".ORIG",
      "x3000"
    ],
    "comment": ""
  },
  {
    "source": "LDR     R1, R2, #32",
    "labels": [],
    "instruction": [
      "LDR",
      "R1",
      "R2",
      "#32"
    ],
    "comment": ""
  },
  {
    "source": "",
    "labels": [],
    "instruction": [],
    "comment": ""
  }
]