[
  {
    "source": ".ORIG   3000",
    "labels": [],
    "instruction": [
      ".ORIG",
      "3000"
    ],
    "comment": ""
  },
  {
    "source": "",
    "labels": [],
    "instruction": [],
    "comment": ""
  }
]