[
  {
    "source": ".ORIG   x3000",
    "labels": [],
    "instruction": [
      ".ORIG",
      "x3000"
    ],
    "comment": ""
  },
  {
    "source": "ADD     R1, R2, #15",
    "labels": [],
    "instruction": [
      "ADD",
      "R1",
      "R2",
      "#15"
    ],
    "comment": ""
  },
  {
    "source": "AND     R1, R2, #-16",
    "labels": [],
    "instruction": [
      "AND",
      "R1",
      "R2",
      "#-16"
    ],
    "comment": ""
  },
  {
    "source": "LDR     R3, R4, #31",
    "labels": [],
    "instruction": [
      "LDR",
      "R3",
      "R4",
      "#31"
    ],
    "comment": ""
  },
  {
    "source": "STR     R3, R4, #-32",
    "labels": [],
    "instruction": [
      "STR",
      "R3",
      "R4",
      "#-32"
    ],
    "comment": ""
  },
  {
    "source": "",
    "labels": [],
    "instruction": [],
    "comment": ""
  }
]