[
  {
    "source": ";",
    "labels": [],
    "instruction": [],
    "comment": ""
  },
  {
    "source": "; Program to multiply an integer by the constant 6.",
    "labels": [],
    "instruction": [],
    "comment": " Program to multiply an integer by the constant 6."
  },
  {
    "source": "; Before execution, an integer must be stored in NUMBER.",
    "labels": [],
    "instruction": [],
    "comment": " Before execution, an integer must be stored in NUMBER."
  },
  {
    "source": ";",
    "labels": [],
    "instruction": [],
    "comment": ""
  },
  {
    "source": "        .ORIG   x3050",
    "labels": [],
    "instruction": [
      ".ORIG",
      "x3050"
    ],
    "comment": ""
  },
  {
    "source": "        LD      R1, SIX",
    "labels": [],
    "instruction": [
      "LD",
      "R1",
      "SIX"
    ],
    "comment": ""
  },
  {
    "source": "        LD      R2, NUMBER",
    "labels": [],
    "instruction": [
      "LD",
      "R2",
      "NUMBER"
    ],
    "comment": ""
  },
  {
    "source": "        AND     R3, R3, #0      ; Clear R3. It will",
    "labels": [],
    "instruction": [
      "AND",
      "R3",
      "R3",
      "#0"
    ],
    "comment": " Clear R3. It will"
  },
  {
    "source": "                                ; contain the product.",
    "labels": [],
    "instruction": [],
    "comment": " contain the product."
  },
  {
    "source": "; The inner loop",
    "labels": [],
    "instruction": [],
    "comment": " The inner loop"
  },
  {
    "source": ";",
    "labels": [],
    "instruction": [],
    "comment": ""
  },
  {
    "source": "AGAIN   ADD     R3, R3, R2",
    "labels": [
      "AGAIN"
    ],
    "instruction": [
      "ADD",
      "R3",
      "R3",
      "R2"
    ],
    "comment": ""
  },
  {
    "source": "        ADD     R1, R1, #-1     ; R1 keeps track of",
    "labels": [],
    "instruction": [
      "ADD",
      "R1",
      "R1",
      "#-1"
    ],
    "comment": " R1 keeps track of"
  },
  {
    "source": "        BRp     AGAIN           ; the iterations",
    "labels": [],
    "instruction": [
      "BRp",
      "AGAIN"
    ],
    "comment": " the iterations"
  },
  {
    "source": ";",
    "labels": [],
    "instruction": [],
    "comment": ""
  },
  {
    "source": "        HALT",
    "labels": [],
    "instruction": [
      "HALT"
    ],
    "comment": ""
  },
  {
    "source": ";",
    "labels": [],
    "instruction": [],
    "comment": ""
  },
  {
    "source": "NUMBER  .BLKW   1",
    "labels": [
      "NUMBER"
    ],
    "instruction": [
      ".BLKW",
      "1"
    ],
    "comment": ""
  },
  {
    "source": "SIX     .FILL   x0006",
    "labels": [
      "SIX"
    ],
    "instruction": [
      ".FILL",
      "x0006"
    ],
    "comment": ""
  },
  {
    "source": ";",
    "labels": [],
    "instruction": [],
    "comment": ""
  },
  {
    "source": "        .END",
    "labels": [],
    "instruction": [
      ".END"
    ],
    "comment": ""
  },
  {
    "source": "",
    "labels": [],
    "instruction": [],
    "comment": ""
  }
]