LDI R0, INPUT   ; a            1010000000011100
AND R1, R1, x0  ; counter      0101001001100000
AND R2, R2, x0                 0101010010100000
NOT R2, R2                     1001010010111111
ADD R2, R0, R2                 0001010000000010
BRz FINISH                     1101010000010110
ADD R1, R1, x1                 0001001001100001
AND R2, R0, x1                 0101010000100001
BRz EVEN                       1101010000000101
ADD R2, R0, R0                 0001010000000000
ADD R0, R2, R0                 0001000010000000
ADD R0, R0, x1                 0001000000100001
BRnzp LOOP_BODY                1101111111110110
AND R2, R2, x0                 0101010010100000
ADD R2, R2, x1                 0001010010100001
AND R3, R3, x0                 0101011011100000
ADD R3, R3, x2                 0001011011100010
AND R4, R4, x0  ; result       0101100100100000
AND R5, R0, R3                 0101101000000011
BRz SKIP_ADD                   1101010000000010
ADD R4, R4, R2                 0001100100000010
ADD R2, R2, R2                 0001010010000010
ADD R3, R3, R3                 0001011011000011
BRz FINISH_DIV                 1101010000000010
BRnzp NEXT_BIT                 1101111111111010
ADD R0, R4, x0                 0001000100100000
BRnzp LOOP_BODY                1101111111101000
STI R1, OUTPUT                 1011001000000010