(3000) 1010000000011100
(3001) 0101001001100000
(3002) 0101010010100000
(3003) 1001010010111111
(3004) 0001010000000010
(3005) 0000010000010101
(3006) 0001001001100001
(3007) 0101010000100001
(3008) 0000010000000100
(3009) 0001010000000000
(300A) 0001000010000000
(300B) 0001000000100001
(300C) 0000111111110101
(300D) 0101010010100000
(300E) 0001010010100001
(300F) 0101011011100000
(3010) 0001011011100010
(3011) 0101100100100000
(3012) 0101101000000011
(3013) 0000010000000001
(3014) 0001100100000010
(3015) 0001010010000010
(3016) 0001011011000011
(3017) 0000010000000001
(3018) 0000111111111001
(3019) 0001000100100000
(301A) 0000111111100111
(301B) 1011001000000010
(301C) 1111000000100101
(301D) 0011000100000000
(301E) 0011000100000001